../Drivers/STM32F4xx_HAL_Driver/Inc/stm32f4xx_ll_i2c.h:1236:26:LL_I2C_IsActiveFlag_TXE	16	static
../Drivers/STM32F4xx_HAL_Driver/Inc/stm32f4xx_ll_i2c.h:1262:26:LL_I2C_IsActiveFlag_RXNE	16	static
../Drivers/STM32F4xx_HAL_Driver/Inc/stm32f4xx_ll_i2c.h:1275:26:LL_I2C_IsActiveFlag_SB	16	static
../Drivers/STM32F4xx_HAL_Driver/Inc/stm32f4xx_ll_i2c.h:1288:26:LL_I2C_IsActiveFlag_ADDR	16	static
../Drivers/STM32F4xx_HAL_Driver/Inc/stm32f4xx_ll_i2c.h:1503:22:LL_I2C_ClearFlag_ADDR	24	static
../Drivers/STM32F4xx_HAL_Driver/Inc/stm32f4xx_ll_i2c.h:1661:22:LL_I2C_AcknowledgeNextData	16	static
../Drivers/STM32F4xx_HAL_Driver/Inc/stm32f4xx_ll_i2c.h:1674:22:LL_I2C_GenerateStartCondition	16	static
../Drivers/STM32F4xx_HAL_Driver/Inc/stm32f4xx_ll_i2c.h:1685:22:LL_I2C_GenerateStopCondition	16	static
../Drivers/STM32F4xx_HAL_Driver/Inc/stm32f4xx_ll_i2c.h:1709:22:LL_I2C_DisableBitPOS	16	static
../Drivers/STM32F4xx_HAL_Driver/Inc/stm32f4xx_ll_i2c.h:1835:25:LL_I2C_ReceiveData8	16	static
../Drivers/STM32F4xx_HAL_Driver/Inc/stm32f4xx_ll_i2c.h:1847:22:LL_I2C_TransmitData8	16	static
../BME280/bme280.c:8:6:Error	8	static
../BME280/bme280.c:12:7:BME280_ReadTemperature	24	static
../BME280/bme280.c:35:7:BME280_ReadPressure	352	static
../BME280/bme280.c:65:7:BME280_ReadHumidity	24	static
../BME280/bme280.c:91:7:BME280_ReadAltitude	24	static
../BME280/bme280.c:99:6:BME280_Init	24	static
../BME280/bme280.c:143:13:I2Cx_WriteData	16	static
../BME280/bme280.c:166:16:I2Cx_ReadData	24	static
../BME280/bme280.c:198:13:I2Cx_ReadData16	32	static
../BME280/bme280.c:245:13:I2Cx_ReadData24	32	static
../BME280/bme280.c:292:6:BME280_WriteReg	16	static
../BME280/bme280.c:296:9:BME280_ReadReg	24	static
../BME280/bme280.c:304:9:BME280_ReadStatus	16	static
../BME280/bme280.c:311:6:BME280_ReadReg_U16	16	static
../BME280/bme280.c:315:6:BME280_ReadReg_S16	16	static
../BME280/bme280.c:319:6:BME280_ReadReg_BE_S16	16	static
../BME280/bme280.c:324:6:BME280_ReadReg_U24	16	static
../BME280/bme280.c:330:6:BME280_ReadReg_BE_U24	16	static
../BME280/bme280.c:336:6:BME280_ReadCoefficients	16	static
../BME280/bme280.c:411:6:BME280_SetStandby	24	static
../BME280/bme280.c:418:6:BME280_SetFilter	24	static
../BME280/bme280.c:425:6:BME280_SetOversamplingTemper	24	static
../BME280/bme280.c:433:6:BME280_SetOversamplingPressure	24	static
../BME280/bme280.c:441:6:BME280_SetOversamplingHum	24	static
../BME280/bme280.c:454:6:BME280_SetMode	24	static
