../Drivers/CMSIS/Include/core_cm4.h:1653:22:__NVIC_SetPriorityGrouping	1
../Drivers/CMSIS/Include/core_cm4.h:1672:26:__NVIC_GetPriorityGrouping	1
../Drivers/CMSIS/Include/core_cm4.h:1684:22:__NVIC_EnableIRQ	2
../Drivers/CMSIS/Include/core_cm4.h:1814:22:__NVIC_SetPriority	2
../Drivers/CMSIS/Include/core_cm4.h:1861:26:NVIC_EncodePriority	2
../Drivers/CMSIS/Include/core_cm4.h:2022:26:SysTick_Config	2
../Drivers/STM32F4xx_HAL_Driver/Inc/stm32f4xx_ll_dma.h:595:22:LL_DMA_SetDataTransferDirection	1
../Drivers/STM32F4xx_HAL_Driver/Inc/stm32f4xx_ll_dma.h:643:22:LL_DMA_SetMode	1
../Drivers/STM32F4xx_HAL_Driver/Inc/stm32f4xx_ll_dma.h:690:22:LL_DMA_SetPeriphIncMode	1
../Drivers/STM32F4xx_HAL_Driver/Inc/stm32f4xx_ll_dma.h:735:22:LL_DMA_SetMemoryIncMode	1
../Drivers/STM32F4xx_HAL_Driver/Inc/stm32f4xx_ll_dma.h:781:22:LL_DMA_SetPeriphSize	1
../Drivers/STM32F4xx_HAL_Driver/Inc/stm32f4xx_ll_dma.h:828:22:LL_DMA_SetMemorySize	1
../Drivers/STM32F4xx_HAL_Driver/Inc/stm32f4xx_ll_dma.h:921:22:LL_DMA_SetStreamPriorityLevel	1
../Drivers/STM32F4xx_HAL_Driver/Inc/stm32f4xx_ll_dma.h:1019:22:LL_DMA_SetChannelSelection	1
../Drivers/STM32F4xx_HAL_Driver/Inc/stm32f4xx_ll_dma.h:1276:22:LL_DMA_DisableFifoMode	1
../Drivers/STM32F4xx_HAL_Driver/Inc/stm32f4xx_ll_i2c.h:568:22:LL_I2C_EnableClockStretching	1
../Drivers/STM32F4xx_HAL_Driver/Inc/stm32f4xx_ll_i2c.h:615:22:LL_I2C_DisableGeneralCall	1
../Drivers/STM32F4xx_HAL_Driver/Inc/stm32f4xx_ll_i2c.h:657:22:LL_I2C_SetOwnAddress2	1
../Drivers/STM32F4xx_HAL_Driver/Inc/stm32f4xx_ll_i2c.h:679:22:LL_I2C_DisableOwnAddress2	1
../Drivers/STM32F4xx_HAL_Driver/Inc/stm32f4xx_ll_rcc.h:2950:22:LL_RCC_HSE_Enable	1
../Drivers/STM32F4xx_HAL_Driver/Inc/stm32f4xx_ll_rcc.h:2970:26:LL_RCC_HSE_IsReady	1
../Drivers/STM32F4xx_HAL_Driver/Inc/stm32f4xx_ll_rcc.h:3062:22:LL_RCC_LSE_Enable	1
../Drivers/STM32F4xx_HAL_Driver/Inc/stm32f4xx_ll_rcc.h:3102:26:LL_RCC_LSE_IsReady	1
../Drivers/STM32F4xx_HAL_Driver/Inc/stm32f4xx_ll_rcc.h:3189:22:LL_RCC_SetSysClkSource	1
../Drivers/STM32F4xx_HAL_Driver/Inc/stm32f4xx_ll_rcc.h:3205:26:LL_RCC_GetSysClkSource	1
../Drivers/STM32F4xx_HAL_Driver/Inc/stm32f4xx_ll_rcc.h:3225:22:LL_RCC_SetAHBPrescaler	1
../Drivers/STM32F4xx_HAL_Driver/Inc/stm32f4xx_ll_rcc.h:3241:22:LL_RCC_SetAPB1Prescaler	1
../Drivers/STM32F4xx_HAL_Driver/Inc/stm32f4xx_ll_rcc.h:3257:22:LL_RCC_SetAPB2Prescaler	1
../Drivers/STM32F4xx_HAL_Driver/Inc/stm32f4xx_ll_rcc.h:3985:22:LL_RCC_SetRTCClockSource	1
../Drivers/STM32F4xx_HAL_Driver/Inc/stm32f4xx_ll_rcc.h:3999:26:LL_RCC_GetRTCClockSource	1
../Drivers/STM32F4xx_HAL_Driver/Inc/stm32f4xx_ll_rcc.h:4009:22:LL_RCC_EnableRTC	1
../Drivers/STM32F4xx_HAL_Driver/Inc/stm32f4xx_ll_rcc.h:4039:22:LL_RCC_ForceBackupDomainReset	1
../Drivers/STM32F4xx_HAL_Driver/Inc/stm32f4xx_ll_rcc.h:4049:22:LL_RCC_ReleaseBackupDomainReset	1
../Drivers/STM32F4xx_HAL_Driver/Inc/stm32f4xx_ll_rcc.h:4154:22:LL_RCC_SetTIMPrescaler	1
../Drivers/STM32F4xx_HAL_Driver/Inc/stm32f4xx_ll_rcc.h:4185:22:LL_RCC_PLL_Enable	1
../Drivers/STM32F4xx_HAL_Driver/Inc/stm32f4xx_ll_rcc.h:4206:26:LL_RCC_PLL_IsReady	1
../Drivers/STM32F4xx_HAL_Driver/Inc/stm32f4xx_ll_rcc.h:4305:22:LL_RCC_PLL_ConfigDomain_SYS	1
../Drivers/STM32F4xx_HAL_Driver/Inc/stm32f4xx_ll_bus.h:409:22:LL_AHB1_GRP1_EnableClock	1
../Drivers/STM32F4xx_HAL_Driver/Inc/stm32f4xx_ll_bus.h:1185:22:LL_APB1_GRP1_EnableClock	1
../Drivers/STM32F4xx_HAL_Driver/Inc/stm32f4xx_ll_bus.h:1263:26:LL_APB1_GRP1_IsEnabledClock	1
../Drivers/STM32F4xx_HAL_Driver/Inc/stm32f4xx_ll_bus.h:1337:22:LL_APB1_GRP1_DisableClock	1
../Drivers/STM32F4xx_HAL_Driver/Inc/stm32f4xx_ll_bus.h:1704:22:LL_APB2_GRP1_EnableClock	1
../Drivers/STM32F4xx_HAL_Driver/Inc/stm32f4xx_ll_system.h:671:22:LL_SYSCFG_SetEXTISource	2
../Drivers/STM32F4xx_HAL_Driver/Inc/stm32f4xx_ll_system.h:1543:22:LL_FLASH_SetLatency	1
../Drivers/STM32F4xx_HAL_Driver/Inc/stm32f4xx_ll_system.h:1569:26:LL_FLASH_GetLatency	1
../Drivers/STM32F4xx_HAL_Driver/Inc/stm32f4xx_ll_pwr.h:505:22:LL_PWR_SetRegulVoltageScaling	1
../Drivers/STM32F4xx_HAL_Driver/Inc/stm32f4xx_ll_pwr.h:558:22:LL_PWR_EnableBkUpAccess	1
../Drivers/STM32F4xx_HAL_Driver/Inc/stm32f4xx_ll_pwr.h:578:26:LL_PWR_IsEnabledBkUpAccess	1
../Drivers/STM32F4xx_HAL_Driver/Inc/stm32f4xx_ll_pwr.h:883:26:LL_PWR_IsActiveFlag_VOS	1
../Drivers/STM32F4xx_HAL_Driver/Inc/stm32f4xx_ll_rtc.h:945:22:LL_RTC_SetAsynchPrescaler	1
../Drivers/STM32F4xx_HAL_Driver/Inc/stm32f4xx_ll_rtc.h:957:22:LL_RTC_SetSynchPrescaler	1
../Drivers/STM32F4xx_HAL_Driver/Inc/stm32f4xx_ll_rtc.h:1043:26:LL_RTC_TIME_GetFormat	1
../Drivers/STM32F4xx_HAL_Driver/Inc/stm32f4xx_ll_rtc.h:1078:26:LL_RTC_TIME_GetHour	1
../Drivers/STM32F4xx_HAL_Driver/Inc/stm32f4xx_ll_rtc.h:1113:26:LL_RTC_TIME_GetMinute	1
../Drivers/STM32F4xx_HAL_Driver/Inc/stm32f4xx_ll_rtc.h:1148:26:LL_RTC_TIME_GetSecond	1
../Drivers/STM32F4xx_HAL_Driver/Inc/stm32f4xx_ll_rtc.h:1337:26:LL_RTC_DATE_GetYear	1
../Drivers/STM32F4xx_HAL_Driver/Inc/stm32f4xx_ll_rtc.h:1430:26:LL_RTC_DATE_GetMonth	1
../Drivers/STM32F4xx_HAL_Driver/Inc/stm32f4xx_ll_rtc.h:1460:26:LL_RTC_DATE_GetDay	1
../Drivers/STM32F4xx_HAL_Driver/Inc/stm32f4xx_ll_rtc.h:2923:22:LL_RTC_BAK_SetRegister	1
../Drivers/STM32F4xx_HAL_Driver/Inc/stm32f4xx_ll_rtc.h:2961:26:LL_RTC_BAK_GetRegister	1
../Drivers/STM32F4xx_HAL_Driver/Inc/stm32f4xx_ll_spi.h:297:22:LL_SPI_Enable	1
../Drivers/STM32F4xx_HAL_Driver/Inc/stm32f4xx_ll_spi.h:365:22:LL_SPI_SetStandard	1
../Drivers/STM32F4xx_HAL_Driver/Inc/stm32f4xx_ll_tim.h:1116:22:LL_TIM_EnableCounter	1
../Drivers/STM32F4xx_HAL_Driver/Inc/stm32f4xx_ll_tim.h:1307:22:LL_TIM_DisableARRPreload	1
../Drivers/STM32F4xx_HAL_Driver/Inc/stm32f4xx_ll_tim.h:1925:22:LL_TIM_OC_DisableFast	7
../Drivers/STM32F4xx_HAL_Driver/Inc/stm32f4xx_ll_tim.h:1969:22:LL_TIM_OC_EnablePreload	7
../Drivers/STM32F4xx_HAL_Driver/Inc/stm32f4xx_ll_tim.h:2694:22:LL_TIM_SetClockSource	1
../Drivers/STM32F4xx_HAL_Driver/Inc/stm32f4xx_ll_tim.h:2740:22:LL_TIM_SetTriggerOutput	1
../Drivers/STM32F4xx_HAL_Driver/Inc/stm32f4xx_ll_tim.h:2806:22:LL_TIM_DisableMasterSlaveMode	1
../Drivers/STM32F4xx_HAL_Driver/Inc/stm32f4xx_ll_tim.h:3185:22:LL_TIM_ClearFlag_UPDATE	1
../Drivers/STM32F4xx_HAL_Driver/Inc/stm32f4xx_ll_tim.h:3460:22:LL_TIM_EnableIT_UPDATE	1
../Drivers/STM32F4xx_HAL_Driver/Inc/stm32f4xx_ll_usart.h:410:22:LL_USART_Enable	1
../Drivers/STM32F4xx_HAL_Driver/Inc/stm32f4xx_ll_usart.h:1479:22:LL_USART_ConfigAsyncMode	1
../Drivers/STM32F4xx_HAL_Driver/Inc/stm32f4xx_ll_usart.h:1792:26:LL_USART_IsActiveFlag_RXNE	1
../Drivers/STM32F4xx_HAL_Driver/Inc/stm32f4xx_ll_usart.h:1803:26:LL_USART_IsActiveFlag_TC	1
../Drivers/STM32F4xx_HAL_Driver/Inc/stm32f4xx_ll_usart.h:2403:25:LL_USART_ReceiveData8	1
../Drivers/STM32F4xx_HAL_Driver/Inc/stm32f4xx_ll_usart.h:2426:22:LL_USART_TransmitData8	1
../Drivers/STM32F4xx_HAL_Driver/Inc/stm32f4xx_ll_gpio.h:273:22:LL_GPIO_SetPinMode	3
../Drivers/STM32F4xx_HAL_Driver/Inc/stm32f4xx_ll_gpio.h:484:22:LL_GPIO_SetPinPull	3
../Drivers/STM32F4xx_HAL_Driver/Inc/stm32f4xx_ll_gpio.h:881:22:LL_GPIO_SetOutputPin	1
/home/withovel/Documents/mbdd/stm32/workspaces/lab6/Drivers/lvgl/src/core/lv_disp.h:205:20:lv_scr_load	1
../Core/Src/main.c:51:10:get_page_number	1
../Core/Src/main.c:56:10:get_page_start_address	1
../Core/Src/main.c:61:10:find_start_time	7
../Core/Src/main.c:122:10:get_unix_timestamp	1
../Core/Src/main.c:134:6:sprint_human_readable_time	14
../Core/Src/main.c:196:10:encode_TempHum	3
../Core/Src/main.c:210:7:decode_TempHum	1
../Core/Src/main.c:215:10:encode_Press	3
../Core/Src/main.c:228:7:decode_Press	1
../Core/Src/main.c:232:6:write_to_flash_and_read_back	13
../Core/Src/main.c:356:6:update_time_and_date	3
../Core/Src/main.c:380:6:update_TempChart	1
../Core/Src/main.c:386:6:update_HumidChart	1
../Core/Src/main.c:392:6:update_PressChart	1
../Core/Src/main.c:399:6:timer_callback	1
../Core/Src/main.c:427:6:uart_send_string	3
../Core/Src/main.c:436:6:uart_receive_string	5
../Core/Src/main.c:454:5:main	3
../Core/Src/main.c:639:6:SystemClock_Config	7
../Core/Src/main.c:692:13:MX_I2C1_Init	1
../Core/Src/main.c:738:13:MX_RTC_Init	8
../Core/Src/main.c:815:13:MX_SPI1_Init	1
../Core/Src/main.c:860:13:MX_SPI3_Init	1
../Core/Src/main.c:929:13:MX_TIM1_Init	1
../Core/Src/main.c:961:13:MX_TIM2_Init	1
../Core/Src/main.c:1009:13:MX_USART1_UART_Init	1
../Core/Src/main.c:1048:13:MX_DMA_Init	1
../Core/Src/main.c:1067:13:MX_GPIO_Init	1
../Core/Src/main.c:1134:6:Error_Handler	1
