../Drivers/STM32F4xx_HAL_Driver/Inc/stm32f4xx_ll_rtc.h:744:22:LL_RTC_SetHourFormat	16	static
../Drivers/STM32F4xx_HAL_Driver/Inc/stm32f4xx_ll_rtc.h:757:26:LL_RTC_GetHourFormat	16	static
../Drivers/STM32F4xx_HAL_Driver/Inc/stm32f4xx_ll_rtc.h:990:22:LL_RTC_EnableWriteProtection	16	static
../Drivers/STM32F4xx_HAL_Driver/Inc/stm32f4xx_ll_rtc.h:1001:22:LL_RTC_DisableWriteProtection	16	static
../Drivers/STM32F4xx_HAL_Driver/Inc/stm32f4xx_ll_rtc.h:1026:22:LL_RTC_TIME_SetFormat	16	static
../Drivers/STM32F4xx_HAL_Driver/Inc/stm32f4xx_ll_rtc.h:1043:26:LL_RTC_TIME_GetFormat	16	static
../Drivers/STM32F4xx_HAL_Driver/Inc/stm32f4xx_ll_rtc.h:1078:26:LL_RTC_TIME_GetHour	16	static
../Drivers/STM32F4xx_HAL_Driver/Inc/stm32f4xx_ll_rtc.h:1113:26:LL_RTC_TIME_GetMinute	16	static
../Drivers/STM32F4xx_HAL_Driver/Inc/stm32f4xx_ll_rtc.h:1148:26:LL_RTC_TIME_GetSecond	16	static
../Drivers/STM32F4xx_HAL_Driver/Inc/stm32f4xx_ll_rtc.h:1174:22:LL_RTC_TIME_Config	32	static
../Drivers/STM32F4xx_HAL_Driver/Inc/stm32f4xx_ll_rtc.h:1337:26:LL_RTC_DATE_GetYear	16	static
../Drivers/STM32F4xx_HAL_Driver/Inc/stm32f4xx_ll_rtc.h:1376:26:LL_RTC_DATE_GetWeekDay	16	static
../Drivers/STM32F4xx_HAL_Driver/Inc/stm32f4xx_ll_rtc.h:1430:26:LL_RTC_DATE_GetMonth	16	static
../Drivers/STM32F4xx_HAL_Driver/Inc/stm32f4xx_ll_rtc.h:1460:26:LL_RTC_DATE_GetDay	16	static
../Drivers/STM32F4xx_HAL_Driver/Inc/stm32f4xx_ll_rtc.h:1500:22:LL_RTC_DATE_Config	32	static
../Core/Src/rtcrealiz.c:4:6:Clear_Screen	8	static
../Core/Src/rtcrealiz.c:10:6:Set_RTC_Time	40	static
../Core/Src/rtcrealiz.c:97:6:Set_RTC_Date	40	static
../Core/Src/rtcrealiz.c:132:6:Print_Time	96	static
../Core/Src/rtcrealiz.c:160:6:Print_Date	80	static
../Core/Src/rtcrealiz.c:177:6:Show_Menu	16	static
