../Drivers/STM32F4xx_HAL_Driver/Inc/stm32f4xx_ll_exti.h:834:26:LL_EXTI_IsActiveFlag_0_31	16	static
../Drivers/STM32F4xx_HAL_Driver/Inc/stm32f4xx_ll_exti.h:910:22:LL_EXTI_ClearFlag_0_31	16	static
../Drivers/STM32F4xx_HAL_Driver/Inc/stm32f4xx_ll_tim.h:3185:22:LL_TIM_ClearFlag_UPDATE	16	static
../Drivers/STM32F4xx_HAL_Driver/Inc/stm32f4xx_ll_tim.h:3196:26:LL_TIM_IsActiveFlag_UPDATE	16	static
../Core/Src/stm32f4xx_it.c:21:6:NMI_Handler	4	static
../Core/Src/stm32f4xx_it.c:31:6:HardFault_Handler	4	static
../Core/Src/stm32f4xx_it.c:41:6:MemManage_Handler	4	static
../Core/Src/stm32f4xx_it.c:51:6:BusFault_Handler	4	static
../Core/Src/stm32f4xx_it.c:61:6:UsageFault_Handler	4	static
../Core/Src/stm32f4xx_it.c:71:6:SVC_Handler	4	static
../Core/Src/stm32f4xx_it.c:78:6:DebugMon_Handler	4	static
../Core/Src/stm32f4xx_it.c:85:6:PendSV_Handler	4	static
../Core/Src/stm32f4xx_it.c:92:6:SysTick_Handler	8	static
../Core/Src/stm32f4xx_it.c:101:6:EXTI0_IRQHandler	8	static
../Core/Src/stm32f4xx_it.c:113:6:DMA1_Stream5_IRQHandler	8	static
../Core/Src/stm32f4xx_it.c:121:6:TIM1_UP_TIM10_IRQHandler	8	static
../Core/Src/stm32f4xx_it.c:136:6:I2C1_EV_IRQHandler	4	static
