../Drivers/UI/ui.c:240:6:ui_event_main	32	static
../Drivers/UI/ui.c:250:6:ui_event_tfChangeBTN	24	static
../Drivers/UI/ui.c:259:6:ui_event_amFormat	24	static
../Drivers/UI/ui.c:270:6:ui_event_pmFormat	24	static
../Drivers/UI/ui.c:281:6:ui_event_timeButton	32	static
../Drivers/UI/ui.c:292:6:ui_event_dateButton	32	static
../Drivers/UI/ui.c:303:6:ui_event_tempSCR	32	static
../Drivers/UI/ui.c:317:6:ui_event_tempArchive	32	static
../Drivers/UI/ui.c:336:6:ui_event_humidSCR	32	static
../Drivers/UI/ui.c:350:6:ui_event_humidArchive	32	static
../Drivers/UI/ui.c:369:6:ui_event_pressSCR	32	static
../Drivers/UI/ui.c:379:6:ui_event_pressArchive	32	static
../Drivers/UI/ui.c:398:6:ui_event_timeOK	32	static
../Drivers/UI/ui.c:410:6:ui_event_dateOK	32	static
../Drivers/UI/ui.c:423:6:ui_event_timeAndDateCANCEL	32	static
../Drivers/UI/ui.c:437:6:ui_event_hourUP	24	static
../Drivers/UI/ui.c:446:6:ui_event_hourDOWN	24	static
../Drivers/UI/ui.c:455:6:ui_event_minuteUP	24	static
../Drivers/UI/ui.c:464:6:ui_event_minuteDOWN	24	static
../Drivers/UI/ui.c:473:6:ui_event_secondUP	24	static
../Drivers/UI/ui.c:482:6:ui_event_secondDOWN	24	static
../Drivers/UI/ui.c:491:6:ui_event_btnsavetime	32	static
../Drivers/UI/ui.c:503:6:ui_event_btncancelChoose	32	static
../Drivers/UI/ui.c:514:6:ui_event_hourUP1	24	static
../Drivers/UI/ui.c:523:6:ui_event_hourDOWN1	24	static
../Drivers/UI/ui.c:532:6:ui_event_minuteUP1	24	static
../Drivers/UI/ui.c:541:6:ui_event_minuteDOWN1	24	static
../Drivers/UI/ui.c:550:6:ui_event_secondUP1	24	static
../Drivers/UI/ui.c:559:6:ui_event_secondDOWN1	24	static
../Drivers/UI/ui.c:568:6:ui_event_btnsavedate	32	static
../Drivers/UI/ui.c:580:6:ui_event_btncancelChoose1	32	static
../Drivers/UI/ui.c:591:6:ui_event_hourUP8	24	static
../Drivers/UI/ui.c:600:6:ui_event_hourDOWN8	24	static
../Drivers/UI/ui.c:609:6:ui_event_minuteUP8	24	static
../Drivers/UI/ui.c:618:6:ui_event_minuteDOWN8	24	static
../Drivers/UI/ui.c:627:6:ui_event_secondUP8	24	static
../Drivers/UI/ui.c:636:6:ui_event_secondDOWN8	24	static
../Drivers/UI/ui.c:645:6:ui_event_btnsavetime4	24	static
../Drivers/UI/ui.c:656:6:ui_event_btncancelChoose8	32	static
../Drivers/UI/ui.c:679:6:ui_event_hourUP9	24	static
../Drivers/UI/ui.c:688:6:ui_event_hourDOWN9	24	static
../Drivers/UI/ui.c:697:6:ui_event_minuteUP9	24	static
../Drivers/UI/ui.c:706:6:ui_event_minuteDOWN9	24	static
../Drivers/UI/ui.c:715:6:ui_event_secondUP9	24	static
../Drivers/UI/ui.c:724:6:ui_event_secondDOWN9	24	static
../Drivers/UI/ui.c:733:6:ui_event_btnsavedateStatic	32	static
../Drivers/UI/ui.c:763:6:ui_event_btncancelChooseStatic	32	static
../Drivers/UI/ui.c:788:6:ui_init	32	static
